
led.o:     file format elf32-littlearm


Disassembly of section .text:

00000000 <led_init_all>:
   0:	b480      	push	{r7}
   2:	b083      	sub	sp, #12
   4:	af00      	add	r7, sp, #0
   6:	4b0e      	ldr	r3, [pc, #56]	; (40 <led_init_all+0x40>)
   8:	607b      	str	r3, [r7, #4]
   a:	f04f 4390 	mov.w	r3, #1207959552	; 0x48000000
   e:	603b      	str	r3, [r7, #0]
  10:	687b      	ldr	r3, [r7, #4]
  12:	681b      	ldr	r3, [r3, #0]
  14:	f443 3200 	orr.w	r2, r3, #131072	; 0x20000
  18:	687b      	ldr	r3, [r7, #4]
  1a:	601a      	str	r2, [r3, #0]
  1c:	683b      	ldr	r3, [r7, #0]
  1e:	681b      	ldr	r3, [r3, #0]
  20:	f423 2240 	bic.w	r2, r3, #786432	; 0xc0000
  24:	683b      	ldr	r3, [r7, #0]
  26:	601a      	str	r2, [r3, #0]
  28:	683b      	ldr	r3, [r7, #0]
  2a:	681b      	ldr	r3, [r3, #0]
  2c:	f443 2280 	orr.w	r2, r3, #262144	; 0x40000
  30:	683b      	ldr	r3, [r7, #0]
  32:	601a      	str	r2, [r3, #0]
  34:	bf00      	nop
  36:	370c      	adds	r7, #12
  38:	46bd      	mov	sp, r7
  3a:	bc80      	pop	{r7}
  3c:	4770      	bx	lr
  3e:	bf00      	nop
  40:	40021014 	.word	0x40021014

00000044 <led_on>:
  44:	b480      	push	{r7}
  46:	b085      	sub	sp, #20
  48:	af00      	add	r7, sp, #0
  4a:	4603      	mov	r3, r0
  4c:	71fb      	strb	r3, [r7, #7]
  4e:	4b08      	ldr	r3, [pc, #32]	; (70 <led_on+0x2c>)
  50:	60fb      	str	r3, [r7, #12]
  52:	68fb      	ldr	r3, [r7, #12]
  54:	681b      	ldr	r3, [r3, #0]
  56:	79fa      	ldrb	r2, [r7, #7]
  58:	2101      	movs	r1, #1
  5a:	fa01 f202 	lsl.w	r2, r1, r2
  5e:	431a      	orrs	r2, r3
  60:	68fb      	ldr	r3, [r7, #12]
  62:	601a      	str	r2, [r3, #0]
  64:	bf00      	nop
  66:	3714      	adds	r7, #20
  68:	46bd      	mov	sp, r7
  6a:	bc80      	pop	{r7}
  6c:	4770      	bx	lr
  6e:	bf00      	nop
  70:	48000014 	.word	0x48000014

00000074 <led_off>:
  74:	b480      	push	{r7}
  76:	b085      	sub	sp, #20
  78:	af00      	add	r7, sp, #0
  7a:	4603      	mov	r3, r0
  7c:	71fb      	strb	r3, [r7, #7]
  7e:	4b08      	ldr	r3, [pc, #32]	; (a0 <led_off+0x2c>)
  80:	60fb      	str	r3, [r7, #12]
  82:	68fb      	ldr	r3, [r7, #12]
  84:	681b      	ldr	r3, [r3, #0]
  86:	79fa      	ldrb	r2, [r7, #7]
  88:	2101      	movs	r1, #1
  8a:	fa01 f202 	lsl.w	r2, r1, r2
  8e:	43d2      	mvns	r2, r2
  90:	401a      	ands	r2, r3
  92:	68fb      	ldr	r3, [r7, #12]
  94:	601a      	str	r2, [r3, #0]
  96:	bf00      	nop
  98:	3714      	adds	r7, #20
  9a:	46bd      	mov	sp, r7
  9c:	bc80      	pop	{r7}
  9e:	4770      	bx	lr
  a0:	48000014 	.word	0x48000014
