
main.o:     file format elf32-littlearm


Disassembly of section .text:

00000000 <main>:
   0:	b580      	push	{r7, lr}
   2:	af00      	add	r7, sp, #0
   4:	f7ff fffe 	bl	0 <initialise_monitor_handles>
   8:	f7ff fffe 	bl	23c <enable_processor_faults>
   c:	4807      	ldr	r0, [pc, #28]	; (2c <main+0x2c>)
   e:	f7ff fffe 	bl	100 <init_scheduler_stack>
  12:	f7ff fffe 	bl	10a <init_tasks_stack>
  16:	f7ff fffe 	bl	0 <led_init_all>
  1a:	f44f 707a 	mov.w	r0, #1000	; 0x3e8
  1e:	f7ff fffe 	bl	98 <init_systick_timer>
  22:	f7ff fffe 	bl	348 <switch_sp_to_psp>
  26:	f7ff fffe 	bl	36 <task1_handler>
  2a:	e7fe      	b.n	2a <main+0x2a>
  2c:	20001c00 	.word	0x20001c00

00000030 <idle_task>:
  30:	b480      	push	{r7}
  32:	af00      	add	r7, sp, #0
  34:	e7fe      	b.n	34 <idle_task+0x4>

00000036 <task1_handler>:
  36:	b580      	push	{r7, lr}
  38:	af00      	add	r7, sp, #0
  3a:	4804      	ldr	r0, [pc, #16]	; (4c <task1_handler+0x16>)
  3c:	f7ff fffe 	bl	0 <puts>
  40:	f44f 707a 	mov.w	r0, #1000	; 0x3e8
  44:	f7ff fffe 	bl	38c <task_delay>
  48:	e7f7      	b.n	3a <task1_handler+0x4>
  4a:	bf00      	nop
  4c:	00000000 	.word	0x00000000

00000050 <task2_handler>:
  50:	b580      	push	{r7, lr}
  52:	af00      	add	r7, sp, #0
  54:	4803      	ldr	r0, [pc, #12]	; (64 <task2_handler+0x14>)
  56:	f7ff fffe 	bl	0 <puts>
  5a:	f44f 70fa 	mov.w	r0, #500	; 0x1f4
  5e:	f7ff fffe 	bl	38c <task_delay>
  62:	e7f7      	b.n	54 <task2_handler+0x4>
  64:	00000010 	.word	0x00000010

00000068 <task3_handler>:
  68:	b580      	push	{r7, lr}
  6a:	af00      	add	r7, sp, #0
  6c:	4803      	ldr	r0, [pc, #12]	; (7c <task3_handler+0x14>)
  6e:	f7ff fffe 	bl	0 <puts>
  72:	20fa      	movs	r0, #250	; 0xfa
  74:	f7ff fffe 	bl	38c <task_delay>
  78:	e7f8      	b.n	6c <task3_handler+0x4>
  7a:	bf00      	nop
  7c:	00000020 	.word	0x00000020

00000080 <task4_handler>:
  80:	b580      	push	{r7, lr}
  82:	af00      	add	r7, sp, #0
  84:	4803      	ldr	r0, [pc, #12]	; (94 <task4_handler+0x14>)
  86:	f7ff fffe 	bl	0 <puts>
  8a:	207d      	movs	r0, #125	; 0x7d
  8c:	f7ff fffe 	bl	38c <task_delay>
  90:	e7f8      	b.n	84 <task4_handler+0x4>
  92:	bf00      	nop
  94:	00000030 	.word	0x00000030

00000098 <init_systick_timer>:
  98:	b480      	push	{r7}
  9a:	b087      	sub	sp, #28
  9c:	af00      	add	r7, sp, #0
  9e:	6078      	str	r0, [r7, #4]
  a0:	4b14      	ldr	r3, [pc, #80]	; (f4 <init_systick_timer+0x5c>)
  a2:	617b      	str	r3, [r7, #20]
  a4:	4b14      	ldr	r3, [pc, #80]	; (f8 <init_systick_timer+0x60>)
  a6:	613b      	str	r3, [r7, #16]
  a8:	4a14      	ldr	r2, [pc, #80]	; (fc <init_systick_timer+0x64>)
  aa:	687b      	ldr	r3, [r7, #4]
  ac:	fbb2 f3f3 	udiv	r3, r2, r3
  b0:	3b01      	subs	r3, #1
  b2:	60fb      	str	r3, [r7, #12]
  b4:	697b      	ldr	r3, [r7, #20]
  b6:	2200      	movs	r2, #0
  b8:	601a      	str	r2, [r3, #0]
  ba:	697b      	ldr	r3, [r7, #20]
  bc:	681a      	ldr	r2, [r3, #0]
  be:	68fb      	ldr	r3, [r7, #12]
  c0:	431a      	orrs	r2, r3
  c2:	697b      	ldr	r3, [r7, #20]
  c4:	601a      	str	r2, [r3, #0]
  c6:	693b      	ldr	r3, [r7, #16]
  c8:	681b      	ldr	r3, [r3, #0]
  ca:	f043 0202 	orr.w	r2, r3, #2
  ce:	693b      	ldr	r3, [r7, #16]
  d0:	601a      	str	r2, [r3, #0]
  d2:	693b      	ldr	r3, [r7, #16]
  d4:	681b      	ldr	r3, [r3, #0]
  d6:	f043 0204 	orr.w	r2, r3, #4
  da:	693b      	ldr	r3, [r7, #16]
  dc:	601a      	str	r2, [r3, #0]
  de:	693b      	ldr	r3, [r7, #16]
  e0:	681b      	ldr	r3, [r3, #0]
  e2:	f043 0201 	orr.w	r2, r3, #1
  e6:	693b      	ldr	r3, [r7, #16]
  e8:	601a      	str	r2, [r3, #0]
  ea:	bf00      	nop
  ec:	371c      	adds	r7, #28
  ee:	46bd      	mov	sp, r7
  f0:	bc80      	pop	{r7}
  f2:	4770      	bx	lr
  f4:	e000e014 	.word	0xe000e014
  f8:	e000e010 	.word	0xe000e010
  fc:	00f42400 	.word	0x00f42400

00000100 <init_scheduler_stack>:
 100:	4603      	mov	r3, r0
 102:	f383 8808 	msr	MSP, r3
 106:	4770      	bx	lr
 108:	bf00      	nop

0000010a <init_tasks_stack>:
 10a:	b480      	push	{r7}
 10c:	b085      	sub	sp, #20
 10e:	af00      	add	r7, sp, #0
 110:	4b40      	ldr	r3, [pc, #256]	; (214 <init_tasks_stack+0x10a>)
 112:	2200      	movs	r2, #0
 114:	721a      	strb	r2, [r3, #8]
 116:	4b3f      	ldr	r3, [pc, #252]	; (214 <init_tasks_stack+0x10a>)
 118:	2200      	movs	r2, #0
 11a:	761a      	strb	r2, [r3, #24]
 11c:	4b3d      	ldr	r3, [pc, #244]	; (214 <init_tasks_stack+0x10a>)
 11e:	2200      	movs	r2, #0
 120:	f883 2028 	strb.w	r2, [r3, #40]	; 0x28
 124:	4b3b      	ldr	r3, [pc, #236]	; (214 <init_tasks_stack+0x10a>)
 126:	2200      	movs	r2, #0
 128:	f883 2038 	strb.w	r2, [r3, #56]	; 0x38
 12c:	4b39      	ldr	r3, [pc, #228]	; (214 <init_tasks_stack+0x10a>)
 12e:	2200      	movs	r2, #0
 130:	f883 2048 	strb.w	r2, [r3, #72]	; 0x48
 134:	4b37      	ldr	r3, [pc, #220]	; (214 <init_tasks_stack+0x10a>)
 136:	f04f 2220 	mov.w	r2, #536879104	; 0x20002000
 13a:	601a      	str	r2, [r3, #0]
 13c:	4b35      	ldr	r3, [pc, #212]	; (214 <init_tasks_stack+0x10a>)
 13e:	4a36      	ldr	r2, [pc, #216]	; (218 <init_tasks_stack+0x10e>)
 140:	611a      	str	r2, [r3, #16]
 142:	4b34      	ldr	r3, [pc, #208]	; (214 <init_tasks_stack+0x10a>)
 144:	4a35      	ldr	r2, [pc, #212]	; (21c <init_tasks_stack+0x112>)
 146:	621a      	str	r2, [r3, #32]
 148:	4b32      	ldr	r3, [pc, #200]	; (214 <init_tasks_stack+0x10a>)
 14a:	4a35      	ldr	r2, [pc, #212]	; (220 <init_tasks_stack+0x116>)
 14c:	631a      	str	r2, [r3, #48]	; 0x30
 14e:	4b31      	ldr	r3, [pc, #196]	; (214 <init_tasks_stack+0x10a>)
 150:	4a34      	ldr	r2, [pc, #208]	; (224 <init_tasks_stack+0x11a>)
 152:	641a      	str	r2, [r3, #64]	; 0x40
 154:	4b2f      	ldr	r3, [pc, #188]	; (214 <init_tasks_stack+0x10a>)
 156:	4a34      	ldr	r2, [pc, #208]	; (228 <init_tasks_stack+0x11e>)
 158:	60da      	str	r2, [r3, #12]
 15a:	4b2e      	ldr	r3, [pc, #184]	; (214 <init_tasks_stack+0x10a>)
 15c:	4a33      	ldr	r2, [pc, #204]	; (22c <init_tasks_stack+0x122>)
 15e:	61da      	str	r2, [r3, #28]
 160:	4b2c      	ldr	r3, [pc, #176]	; (214 <init_tasks_stack+0x10a>)
 162:	4a33      	ldr	r2, [pc, #204]	; (230 <init_tasks_stack+0x126>)
 164:	62da      	str	r2, [r3, #44]	; 0x2c
 166:	4b2b      	ldr	r3, [pc, #172]	; (214 <init_tasks_stack+0x10a>)
 168:	4a32      	ldr	r2, [pc, #200]	; (234 <init_tasks_stack+0x12a>)
 16a:	63da      	str	r2, [r3, #60]	; 0x3c
 16c:	4b29      	ldr	r3, [pc, #164]	; (214 <init_tasks_stack+0x10a>)
 16e:	4a32      	ldr	r2, [pc, #200]	; (238 <init_tasks_stack+0x12e>)
 170:	64da      	str	r2, [r3, #76]	; 0x4c
 172:	2300      	movs	r3, #0
 174:	60bb      	str	r3, [r7, #8]
 176:	e044      	b.n	202 <init_tasks_stack+0xf8>
 178:	4a26      	ldr	r2, [pc, #152]	; (214 <init_tasks_stack+0x10a>)
 17a:	68bb      	ldr	r3, [r7, #8]
 17c:	011b      	lsls	r3, r3, #4
 17e:	4413      	add	r3, r2
 180:	681b      	ldr	r3, [r3, #0]
 182:	f023 0207 	bic.w	r2, r3, #7
 186:	4923      	ldr	r1, [pc, #140]	; (214 <init_tasks_stack+0x10a>)
 188:	68bb      	ldr	r3, [r7, #8]
 18a:	011b      	lsls	r3, r3, #4
 18c:	440b      	add	r3, r1
 18e:	601a      	str	r2, [r3, #0]
 190:	4a20      	ldr	r2, [pc, #128]	; (214 <init_tasks_stack+0x10a>)
 192:	68bb      	ldr	r3, [r7, #8]
 194:	011b      	lsls	r3, r3, #4
 196:	4413      	add	r3, r2
 198:	681b      	ldr	r3, [r3, #0]
 19a:	60fb      	str	r3, [r7, #12]
 19c:	68fb      	ldr	r3, [r7, #12]
 19e:	3b04      	subs	r3, #4
 1a0:	60fb      	str	r3, [r7, #12]
 1a2:	68fb      	ldr	r3, [r7, #12]
 1a4:	f04f 7280 	mov.w	r2, #16777216	; 0x1000000
 1a8:	601a      	str	r2, [r3, #0]
 1aa:	68fb      	ldr	r3, [r7, #12]
 1ac:	3b04      	subs	r3, #4
 1ae:	60fb      	str	r3, [r7, #12]
 1b0:	4a18      	ldr	r2, [pc, #96]	; (214 <init_tasks_stack+0x10a>)
 1b2:	68bb      	ldr	r3, [r7, #8]
 1b4:	011b      	lsls	r3, r3, #4
 1b6:	4413      	add	r3, r2
 1b8:	330c      	adds	r3, #12
 1ba:	681b      	ldr	r3, [r3, #0]
 1bc:	f043 0201 	orr.w	r2, r3, #1
 1c0:	68fb      	ldr	r3, [r7, #12]
 1c2:	601a      	str	r2, [r3, #0]
 1c4:	68fb      	ldr	r3, [r7, #12]
 1c6:	3b04      	subs	r3, #4
 1c8:	60fb      	str	r3, [r7, #12]
 1ca:	68fb      	ldr	r3, [r7, #12]
 1cc:	f06f 0202 	mvn.w	r2, #2
 1d0:	601a      	str	r2, [r3, #0]
 1d2:	2300      	movs	r3, #0
 1d4:	607b      	str	r3, [r7, #4]
 1d6:	e008      	b.n	1ea <init_tasks_stack+0xe0>
 1d8:	68fb      	ldr	r3, [r7, #12]
 1da:	3b04      	subs	r3, #4
 1dc:	60fb      	str	r3, [r7, #12]
 1de:	68fb      	ldr	r3, [r7, #12]
 1e0:	2200      	movs	r2, #0
 1e2:	601a      	str	r2, [r3, #0]
 1e4:	687b      	ldr	r3, [r7, #4]
 1e6:	3301      	adds	r3, #1
 1e8:	607b      	str	r3, [r7, #4]
 1ea:	687b      	ldr	r3, [r7, #4]
 1ec:	2b0c      	cmp	r3, #12
 1ee:	ddf3      	ble.n	1d8 <init_tasks_stack+0xce>
 1f0:	68fa      	ldr	r2, [r7, #12]
 1f2:	4908      	ldr	r1, [pc, #32]	; (214 <init_tasks_stack+0x10a>)
 1f4:	68bb      	ldr	r3, [r7, #8]
 1f6:	011b      	lsls	r3, r3, #4
 1f8:	440b      	add	r3, r1
 1fa:	601a      	str	r2, [r3, #0]
 1fc:	68bb      	ldr	r3, [r7, #8]
 1fe:	3301      	adds	r3, #1
 200:	60bb      	str	r3, [r7, #8]
 202:	68bb      	ldr	r3, [r7, #8]
 204:	2b04      	cmp	r3, #4
 206:	ddb7      	ble.n	178 <init_tasks_stack+0x6e>
 208:	bf00      	nop
 20a:	bf00      	nop
 20c:	3714      	adds	r7, #20
 20e:	46bd      	mov	sp, r7
 210:	bc80      	pop	{r7}
 212:	4770      	bx	lr
 214:	00000000 	.word	0x00000000
 218:	20003000 	.word	0x20003000
 21c:	20002c00 	.word	0x20002c00
 220:	20002800 	.word	0x20002800
 224:	20002400 	.word	0x20002400
	...

0000023c <enable_processor_faults>:
 23c:	b480      	push	{r7}
 23e:	b083      	sub	sp, #12
 240:	af00      	add	r7, sp, #0
 242:	4b0c      	ldr	r3, [pc, #48]	; (274 <enable_processor_faults+0x38>)
 244:	607b      	str	r3, [r7, #4]
 246:	687b      	ldr	r3, [r7, #4]
 248:	681b      	ldr	r3, [r3, #0]
 24a:	f443 3280 	orr.w	r2, r3, #65536	; 0x10000
 24e:	687b      	ldr	r3, [r7, #4]
 250:	601a      	str	r2, [r3, #0]
 252:	687b      	ldr	r3, [r7, #4]
 254:	681b      	ldr	r3, [r3, #0]
 256:	f443 3200 	orr.w	r2, r3, #131072	; 0x20000
 25a:	687b      	ldr	r3, [r7, #4]
 25c:	601a      	str	r2, [r3, #0]
 25e:	687b      	ldr	r3, [r7, #4]
 260:	681b      	ldr	r3, [r3, #0]
 262:	f443 2280 	orr.w	r2, r3, #262144	; 0x40000
 266:	687b      	ldr	r3, [r7, #4]
 268:	601a      	str	r2, [r3, #0]
 26a:	bf00      	nop
 26c:	370c      	adds	r7, #12
 26e:	46bd      	mov	sp, r7
 270:	bc80      	pop	{r7}
 272:	4770      	bx	lr
 274:	e000ed24 	.word	0xe000ed24

00000278 <get_psp_value>:
 278:	b480      	push	{r7}
 27a:	af00      	add	r7, sp, #0
 27c:	4b04      	ldr	r3, [pc, #16]	; (290 <get_psp_value+0x18>)
 27e:	781b      	ldrb	r3, [r3, #0]
 280:	4a04      	ldr	r2, [pc, #16]	; (294 <get_psp_value+0x1c>)
 282:	011b      	lsls	r3, r3, #4
 284:	4413      	add	r3, r2
 286:	681b      	ldr	r3, [r3, #0]
 288:	4618      	mov	r0, r3
 28a:	46bd      	mov	sp, r7
 28c:	bc80      	pop	{r7}
 28e:	4770      	bx	lr
	...

00000298 <save_psp_value>:
 298:	b480      	push	{r7}
 29a:	b083      	sub	sp, #12
 29c:	af00      	add	r7, sp, #0
 29e:	6078      	str	r0, [r7, #4]
 2a0:	4b05      	ldr	r3, [pc, #20]	; (2b8 <save_psp_value+0x20>)
 2a2:	781b      	ldrb	r3, [r3, #0]
 2a4:	4a05      	ldr	r2, [pc, #20]	; (2bc <save_psp_value+0x24>)
 2a6:	011b      	lsls	r3, r3, #4
 2a8:	4413      	add	r3, r2
 2aa:	687a      	ldr	r2, [r7, #4]
 2ac:	601a      	str	r2, [r3, #0]
 2ae:	bf00      	nop
 2b0:	370c      	adds	r7, #12
 2b2:	46bd      	mov	sp, r7
 2b4:	bc80      	pop	{r7}
 2b6:	4770      	bx	lr
	...

000002c0 <update_next_task>:
 2c0:	b480      	push	{r7}
 2c2:	b083      	sub	sp, #12
 2c4:	af00      	add	r7, sp, #0
 2c6:	23ff      	movs	r3, #255	; 0xff
 2c8:	607b      	str	r3, [r7, #4]
 2ca:	2300      	movs	r3, #0
 2cc:	603b      	str	r3, [r7, #0]
 2ce:	e024      	b.n	31a <update_next_task+0x5a>
 2d0:	4b1a      	ldr	r3, [pc, #104]	; (33c <update_next_task+0x7c>)
 2d2:	781b      	ldrb	r3, [r3, #0]
 2d4:	3301      	adds	r3, #1
 2d6:	b2da      	uxtb	r2, r3
 2d8:	4b18      	ldr	r3, [pc, #96]	; (33c <update_next_task+0x7c>)
 2da:	701a      	strb	r2, [r3, #0]
 2dc:	4b17      	ldr	r3, [pc, #92]	; (33c <update_next_task+0x7c>)
 2de:	781a      	ldrb	r2, [r3, #0]
 2e0:	4b17      	ldr	r3, [pc, #92]	; (340 <update_next_task+0x80>)
 2e2:	fba3 1302 	umull	r1, r3, r3, r2
 2e6:	0899      	lsrs	r1, r3, #2
 2e8:	460b      	mov	r3, r1
 2ea:	009b      	lsls	r3, r3, #2
 2ec:	440b      	add	r3, r1
 2ee:	1ad3      	subs	r3, r2, r3
 2f0:	b2da      	uxtb	r2, r3
 2f2:	4b12      	ldr	r3, [pc, #72]	; (33c <update_next_task+0x7c>)
 2f4:	701a      	strb	r2, [r3, #0]
 2f6:	4b11      	ldr	r3, [pc, #68]	; (33c <update_next_task+0x7c>)
 2f8:	781b      	ldrb	r3, [r3, #0]
 2fa:	4a12      	ldr	r2, [pc, #72]	; (344 <update_next_task+0x84>)
 2fc:	011b      	lsls	r3, r3, #4
 2fe:	4413      	add	r3, r2
 300:	3308      	adds	r3, #8
 302:	781b      	ldrb	r3, [r3, #0]
 304:	607b      	str	r3, [r7, #4]
 306:	687b      	ldr	r3, [r7, #4]
 308:	2b00      	cmp	r3, #0
 30a:	d103      	bne.n	314 <update_next_task+0x54>
 30c:	4b0b      	ldr	r3, [pc, #44]	; (33c <update_next_task+0x7c>)
 30e:	781b      	ldrb	r3, [r3, #0]
 310:	2b00      	cmp	r3, #0
 312:	d106      	bne.n	322 <update_next_task+0x62>
 314:	683b      	ldr	r3, [r7, #0]
 316:	3301      	adds	r3, #1
 318:	603b      	str	r3, [r7, #0]
 31a:	683b      	ldr	r3, [r7, #0]
 31c:	2b04      	cmp	r3, #4
 31e:	ddd7      	ble.n	2d0 <update_next_task+0x10>
 320:	e000      	b.n	324 <update_next_task+0x64>
 322:	bf00      	nop
 324:	687b      	ldr	r3, [r7, #4]
 326:	2b00      	cmp	r3, #0
 328:	d002      	beq.n	330 <update_next_task+0x70>
 32a:	4b04      	ldr	r3, [pc, #16]	; (33c <update_next_task+0x7c>)
 32c:	2200      	movs	r2, #0
 32e:	701a      	strb	r2, [r3, #0]
 330:	bf00      	nop
 332:	370c      	adds	r7, #12
 334:	46bd      	mov	sp, r7
 336:	bc80      	pop	{r7}
 338:	4770      	bx	lr
 33a:	bf00      	nop
 33c:	00000000 	.word	0x00000000
 340:	cccccccd 	.word	0xcccccccd
 344:	00000000 	.word	0x00000000

00000348 <switch_sp_to_psp>:
 348:	b500      	push	{lr}
 34a:	f7ff fffe 	bl	278 <get_psp_value>
 34e:	f380 8809 	msr	PSP, r0
 352:	f85d eb04 	ldr.w	lr, [sp], #4
 356:	f04f 0002 	mov.w	r0, #2
 35a:	f380 8814 	msr	CONTROL, r0
 35e:	f3bf 8f6f 	isb	sy
 362:	4770      	bx	lr
 364:	bf00      	nop

00000366 <schedule>:
 366:	b480      	push	{r7}
 368:	b083      	sub	sp, #12
 36a:	af00      	add	r7, sp, #0
 36c:	4b06      	ldr	r3, [pc, #24]	; (388 <schedule+0x22>)
 36e:	607b      	str	r3, [r7, #4]
 370:	687b      	ldr	r3, [r7, #4]
 372:	681b      	ldr	r3, [r3, #0]
 374:	f043 5280 	orr.w	r2, r3, #268435456	; 0x10000000
 378:	687b      	ldr	r3, [r7, #4]
 37a:	601a      	str	r2, [r3, #0]
 37c:	bf00      	nop
 37e:	370c      	adds	r7, #12
 380:	46bd      	mov	sp, r7
 382:	bc80      	pop	{r7}
 384:	4770      	bx	lr
 386:	bf00      	nop
 388:	e000ed04 	.word	0xe000ed04

0000038c <task_delay>:
 38c:	b580      	push	{r7, lr}
 38e:	b082      	sub	sp, #8
 390:	af00      	add	r7, sp, #0
 392:	6078      	str	r0, [r7, #4]
 394:	f04f 0001 	mov.w	r0, #1
 398:	f380 8810 	msr	PRIMASK, r0
 39c:	4b10      	ldr	r3, [pc, #64]	; (3e0 <task_delay+0x54>)
 39e:	781b      	ldrb	r3, [r3, #0]
 3a0:	2b00      	cmp	r3, #0
 3a2:	d015      	beq.n	3d0 <task_delay+0x44>
 3a4:	4b0f      	ldr	r3, [pc, #60]	; (3e4 <task_delay+0x58>)
 3a6:	681a      	ldr	r2, [r3, #0]
 3a8:	4b0d      	ldr	r3, [pc, #52]	; (3e0 <task_delay+0x54>)
 3aa:	781b      	ldrb	r3, [r3, #0]
 3ac:	4618      	mov	r0, r3
 3ae:	687b      	ldr	r3, [r7, #4]
 3b0:	441a      	add	r2, r3
 3b2:	490d      	ldr	r1, [pc, #52]	; (3e8 <task_delay+0x5c>)
 3b4:	0103      	lsls	r3, r0, #4
 3b6:	440b      	add	r3, r1
 3b8:	3304      	adds	r3, #4
 3ba:	601a      	str	r2, [r3, #0]
 3bc:	4b08      	ldr	r3, [pc, #32]	; (3e0 <task_delay+0x54>)
 3be:	781b      	ldrb	r3, [r3, #0]
 3c0:	4a09      	ldr	r2, [pc, #36]	; (3e8 <task_delay+0x5c>)
 3c2:	011b      	lsls	r3, r3, #4
 3c4:	4413      	add	r3, r2
 3c6:	3308      	adds	r3, #8
 3c8:	22ff      	movs	r2, #255	; 0xff
 3ca:	701a      	strb	r2, [r3, #0]
 3cc:	f7ff fffe 	bl	366 <schedule>
 3d0:	f04f 0000 	mov.w	r0, #0
 3d4:	f380 8810 	msr	PRIMASK, r0
 3d8:	bf00      	nop
 3da:	3708      	adds	r7, #8
 3dc:	46bd      	mov	sp, r7
 3de:	bd80      	pop	{r7, pc}
	...

000003ec <PendSV_Handler>:
 3ec:	f3ef 8009 	mrs	r0, PSP
 3f0:	e920 0ff0 	stmdb	r0!, {r4, r5, r6, r7, r8, r9, sl, fp}
 3f4:	b500      	push	{lr}
 3f6:	f7ff fffe 	bl	298 <save_psp_value>
 3fa:	f7ff fffe 	bl	2c0 <update_next_task>
 3fe:	f7ff fffe 	bl	278 <get_psp_value>
 402:	e8b0 0ff0 	ldmia.w	r0!, {r4, r5, r6, r7, r8, r9, sl, fp}
 406:	f380 8809 	msr	PSP, r0
 40a:	f3bf 8f6f 	isb	sy
 40e:	f85d eb04 	ldr.w	lr, [sp], #4
 412:	4770      	bx	lr
 414:	bf00      	nop

00000416 <update_global_tick_count>:
 416:	b480      	push	{r7}
 418:	af00      	add	r7, sp, #0
 41a:	4b04      	ldr	r3, [pc, #16]	; (42c <update_global_tick_count+0x16>)
 41c:	681b      	ldr	r3, [r3, #0]
 41e:	3301      	adds	r3, #1
 420:	4a02      	ldr	r2, [pc, #8]	; (42c <update_global_tick_count+0x16>)
 422:	6013      	str	r3, [r2, #0]
 424:	bf00      	nop
 426:	46bd      	mov	sp, r7
 428:	bc80      	pop	{r7}
 42a:	4770      	bx	lr
 42c:	00000000 	.word	0x00000000

00000430 <unblock_tasks>:
 430:	b480      	push	{r7}
 432:	b083      	sub	sp, #12
 434:	af00      	add	r7, sp, #0
 436:	2301      	movs	r3, #1
 438:	607b      	str	r3, [r7, #4]
 43a:	e01b      	b.n	474 <unblock_tasks+0x44>
 43c:	4a12      	ldr	r2, [pc, #72]	; (488 <unblock_tasks+0x58>)
 43e:	687b      	ldr	r3, [r7, #4]
 440:	011b      	lsls	r3, r3, #4
 442:	4413      	add	r3, r2
 444:	3308      	adds	r3, #8
 446:	781b      	ldrb	r3, [r3, #0]
 448:	2b00      	cmp	r3, #0
 44a:	d010      	beq.n	46e <unblock_tasks+0x3e>
 44c:	4a0e      	ldr	r2, [pc, #56]	; (488 <unblock_tasks+0x58>)
 44e:	687b      	ldr	r3, [r7, #4]
 450:	011b      	lsls	r3, r3, #4
 452:	4413      	add	r3, r2
 454:	3304      	adds	r3, #4
 456:	681a      	ldr	r2, [r3, #0]
 458:	4b0c      	ldr	r3, [pc, #48]	; (48c <unblock_tasks+0x5c>)
 45a:	681b      	ldr	r3, [r3, #0]
 45c:	429a      	cmp	r2, r3
 45e:	d106      	bne.n	46e <unblock_tasks+0x3e>
 460:	4a09      	ldr	r2, [pc, #36]	; (488 <unblock_tasks+0x58>)
 462:	687b      	ldr	r3, [r7, #4]
 464:	011b      	lsls	r3, r3, #4
 466:	4413      	add	r3, r2
 468:	3308      	adds	r3, #8
 46a:	2200      	movs	r2, #0
 46c:	701a      	strb	r2, [r3, #0]
 46e:	687b      	ldr	r3, [r7, #4]
 470:	3301      	adds	r3, #1
 472:	607b      	str	r3, [r7, #4]
 474:	687b      	ldr	r3, [r7, #4]
 476:	2b04      	cmp	r3, #4
 478:	dde0      	ble.n	43c <unblock_tasks+0xc>
 47a:	bf00      	nop
 47c:	bf00      	nop
 47e:	370c      	adds	r7, #12
 480:	46bd      	mov	sp, r7
 482:	bc80      	pop	{r7}
 484:	4770      	bx	lr
 486:	bf00      	nop
	...

00000490 <SysTick_Handler>:
 490:	b580      	push	{r7, lr}
 492:	b082      	sub	sp, #8
 494:	af00      	add	r7, sp, #0
 496:	4b08      	ldr	r3, [pc, #32]	; (4b8 <SysTick_Handler+0x28>)
 498:	607b      	str	r3, [r7, #4]
 49a:	f7ff fffe 	bl	416 <update_global_tick_count>
 49e:	f7ff fffe 	bl	430 <unblock_tasks>
 4a2:	687b      	ldr	r3, [r7, #4]
 4a4:	681b      	ldr	r3, [r3, #0]
 4a6:	f043 5280 	orr.w	r2, r3, #268435456	; 0x10000000
 4aa:	687b      	ldr	r3, [r7, #4]
 4ac:	601a      	str	r2, [r3, #0]
 4ae:	bf00      	nop
 4b0:	3708      	adds	r7, #8
 4b2:	46bd      	mov	sp, r7
 4b4:	bd80      	pop	{r7, pc}
 4b6:	bf00      	nop
 4b8:	e000ed04 	.word	0xe000ed04

000004bc <HardFault_Handler>:
 4bc:	b580      	push	{r7, lr}
 4be:	af00      	add	r7, sp, #0
 4c0:	4801      	ldr	r0, [pc, #4]	; (4c8 <HardFault_Handler+0xc>)
 4c2:	f7ff fffe 	bl	0 <puts>
 4c6:	e7fe      	b.n	4c6 <HardFault_Handler+0xa>
 4c8:	00000040 	.word	0x00000040

000004cc <MemManage_Handler>:
 4cc:	b580      	push	{r7, lr}
 4ce:	af00      	add	r7, sp, #0
 4d0:	4801      	ldr	r0, [pc, #4]	; (4d8 <MemManage_Handler+0xc>)
 4d2:	f7ff fffe 	bl	0 <puts>
 4d6:	e7fe      	b.n	4d6 <MemManage_Handler+0xa>
 4d8:	00000058 	.word	0x00000058

000004dc <BusFault_Handler>:
 4dc:	b580      	push	{r7, lr}
 4de:	af00      	add	r7, sp, #0
 4e0:	4801      	ldr	r0, [pc, #4]	; (4e8 <BusFault_Handler+0xc>)
 4e2:	f7ff fffe 	bl	0 <puts>
 4e6:	e7fe      	b.n	4e6 <BusFault_Handler+0xa>
 4e8:	00000070 	.word	0x00000070
